// Jest Snapshot v1, https://goo.gl/fbAQLP

exports[`SafeView renders correctly 1`] = `
<View
  onLayout={[Function]}
  pointerEvents="box-none"
  style={
    Object {
      "backgroundColor": "white",
      "flex": 1,
      "paddingBottom": 0,
      "paddingLeft": 0,
      "paddingRight": 0,
      "paddingTop": 20,
    }
  }
>
  <Text>
    123
  </Text>
</View>
`;
