// Jest Snapshot v1, https://goo.gl/fbAQLP

exports[`RegisterScreen renders correctly 1`] = `
<View
  style={
    Object {
      "alignItems": "center",
      "flex": 1,
      "justifyContent": "center",
    }
  }
  testID="registerScreen"
>
  <Text>
    RegisterScreen
  </Text>
</View>
`;
