// Jest Snapshot v1, https://goo.gl/fbAQLP

exports[`BackButton renders correctly 1`] = `
<View
  accessible={true}
  isTVSelectable={true}
  onResponderGrant={[Function]}
  onResponderMove={[Function]}
  onResponderRelease={[Function]}
  onResponderTerminate={[Function]}
  onResponderTerminationRequest={[Function]}
  onStartShouldSetResponder={[Function]}
  style={
    Object {
      "opacity": 1,
      "paddingHorizontal": 10,
      "paddingVertical": 15,
    }
  }
>
  <Text
    style={
      Object {
        "color": "#000000",
        "fontFamily": "Roboto-Bold",
        "fontSize": 15,
      }
    }
  >
    &lt;   Wróć
  </Text>
</View>
`;
