// Jest Snapshot v1, https://goo.gl/fbAQLP

exports[`KeyboardAwareWrapper renders correctly 1`] = `
<RCTScrollView
  automaticallyAdjustContentInsets={false}
  contentContainerStyle={
    Object {
      "flexGrow": 1,
      "justifyContent": "center",
    }
  }
  contentInset={
    Object {
      "bottom": 0,
    }
  }
  enableAutomaticScroll={true}
  enableOnAndroid={true}
  enableResetScrollToCoords={true}
  extraHeight={75}
  extraScrollHeight={0}
  getScrollResponder={[Function]}
  handleOnScroll={[Function]}
  keyboardDismissMode="interactive"
  keyboardOpeningTime={250}
  keyboardShouldPersistTaps="handled"
  keyboardSpace={0}
  onScroll={[Function]}
  resetKeyboardSpace={[Function]}
  scrollEnabled={true}
  scrollEventThrottle={1}
  scrollForExtraHeightOnAndroid={[Function]}
  scrollIntoView={[Function]}
  scrollToEnd={[Function]}
  scrollToFocusedInput={[Function]}
  scrollToPosition={[Function]}
  showsVerticalScrollIndicator={true}
  style={
    Object {
      "backgroundColor": undefined,
      "padding": undefined,
    }
  }
  update={[Function]}
  viewIsInsideTabBar={false}
>
  <View>
    <Text>
      test
    </Text>
  </View>
</RCTScrollView>
`;
