// Jest Snapshot v1, https://goo.gl/fbAQLP

exports[`HamburgerMenu renders correctly 1`] = `
<View
  accessible={true}
  isTVSelectable={true}
  onResponderGrant={[Function]}
  onResponderMove={[Function]}
  onResponderRelease={[Function]}
  onResponderTerminate={[Function]}
  onResponderTerminationRequest={[Function]}
  onStartShouldSetResponder={[Function]}
  style={
    Object {
      "opacity": 1,
      "paddingHorizontal": 10,
    }
  }
>
  <View>
    <svg
      data-file-name="SvgMenu"
      height={20}
      width={20}
    />
  </View>
</View>
`;
